<html>
<body>
<pre>
<h1>µVision Build Log</h1>
<h2>Tool Versions:</h2>
IDE-Version: µVision V5.34.0.0
Copyright (C) 2021 ARM Ltd and ARM Germany GmbH. All rights reserved.
License Information: Theo LOPEZ, ISEN NANTES, LIC=----
 
Tool Versions:
Toolchain:       MDK-Lite  Version: 5.34.0.0
Toolchain Path:  C:\Keil_v5\ARM\ARMCC\Bin
C Compiler:      Armcc.exe V5.06 update 7 (build 960)
Assembler:       Armasm.exe V5.06 update 7 (build 960)
Linker/Locator:  ArmLink.exe V5.06 update 7 (build 960)
Library Manager: ArmAr.exe V5.06 update 7 (build 960)
Hex Converter:   FromElf.exe V5.06 update 7 (build 960)
CPU DLL:         SARMCM3.DLL V5.34.0.0
Dialog DLL:      DCM.DLL V1.17.3.0
Target DLL:      STLink\ST-LINKIII-KEIL_SWO.dll V3.0.8.0
Dialog DLL:      TCM.DLL V1.48.0.0
 
<h2>Project:</h2>
C:\Users\Theo\Desktop\ISEN\2020-2021 CIR3\RTOS\Centre de tri de colis_etudiants\FreeRTOS-Cours.uvprojx
Project File Date:  05/26/2021

<h2>Output:</h2>
*** Using Compiler 'V5.06 update 7 (build 960)', folder: 'C:\Keil_v5\ARM\ARMCC\Bin'
Rebuild target 'FreeRTOS-Cours'
assembling startup_MPS_CM3.s...
compiling list.c...
compiling main.c...
main.c(95): warning:  #111-D: statement is unreachable
  	vTaskDelete( NULL );
main.c(203): warning:  #167-D: argument of type "void (*)()" is incompatible with parameter of type "pdTASK_CODE"
  	xTaskCreate( 	Tache_lecture_rapide, "Tache lecture rapide",	240, NULL, 1, NULL );
main.c: 2 warnings, 0 errors
compiling simulateur.c...
compiling queue.c...
compiling port.c...
compiling tasks.c...
compiling heap_1.c...
linking...
Program Size: Code=5896 RO-data=348 RW-data=108 ZI-data=17156  
".\Output\FreeRTOS-Cours.axf" - 0 Error(s), 2 Warning(s).

<h2>Software Packages used:</h2>

Package Vendor: Keil
                http://www.keil.com/pack/Keil.STM32F4xx_DFP.2.15.0.pack
                Keil.STM32F4xx_DFP.2.15.0
                STMicroelectronics STM32F4 Series Device Support, Drivers and Examples

<h2>Collection of Component include folders:</h2>
  C:\Users\Theo\AppData\Local\Arm\Packs\Keil\STM32F4xx_DFP\2.15.0\Drivers\CMSIS\Device\ST\STM32F4xx\Include

<h2>Collection of Component Files used:</h2>
Build Time Elapsed:  00:00:01
</pre>
</body>
</html>
