Component: ARM Compiler 5.06 update 7 (build 960) Tool: armlink [4d3601]

==============================================================================

Section Cross References

    startup_mps_cm3.o(RESET) refers to startup_mps_cm3.o(STACK) for __initial_sp
    startup_mps_cm3.o(RESET) refers to startup_mps_cm3.o(.text) for Reset_Handler
    startup_mps_cm3.o(RESET) refers to port.o(.emb_text) for vPortSVCHandler
    startup_mps_cm3.o(RESET) refers to port.o(.text) for xPortSysTickHandler
    startup_mps_cm3.o(.text) refers to entry.o(.ARM.Collect$$$$00000000) for __main
    main.o(.text) refers to queue.o(.text) for xQueueGenericReceive
    main.o(.text) refers to printf3.o(i.__0printf$3) for __2printf
    main.o(.text) refers to memcpya.o(.text) for __aeabi_memcpy4
    main.o(.text) refers to tasks.o(.text) for vTaskDelay
    main.o(.text) refers to main.o(.data) for handler
    main.o(.text) refers to main.o(.constdata) for .constdata
    main.o(.text) refers to main.o(.conststring) for .conststring
    tasks.o(.text) refers to list.o(.text) for vListInitialise
    tasks.o(.text) refers to strncpy.o(.text) for strncpy
    tasks.o(.text) refers to heap_1.o(.text) for pvPortMalloc
    tasks.o(.text) refers to memseta.o(.text) for __aeabi_memset
    tasks.o(.text) refers to port.o(.text) for pxPortInitialiseStack
    tasks.o(.text) refers to tasks.o(.bss) for pxReadyTasksLists
    tasks.o(.text) refers to tasks.o(.data) for pxDelayedTaskList
    tasks.o(.text) refers to port.o(.emb_text) for vPortSetInterruptMask
    tasks.o(.text) refers to printf3.o(i.__0sprintf$3) for __2sprintf
    tasks.o(.text) refers to strcat.o(.text) for strcat
    tasks.o(.text) refers to simulateur.o(.bss) for ulTaskNumber
    queue.o(.text) refers to heap_1.o(.text) for pvPortMalloc
    queue.o(.text) refers to list.o(.text) for vListInitialise
    queue.o(.text) refers to port.o(.text) for vPortEnterCritical
    queue.o(.text) refers to tasks.o(.text) for xTaskRemoveFromEventList
    queue.o(.text) refers to memcpya.o(.text) for __aeabi_memcpy
    queue.o(.text) refers to port.o(.emb_text) for vPortSetInterruptMask
    port.o(.emb_text) refers to tasks.o(.text) for vTaskSwitchContext
    port.o(.emb_text) refers to tasks.o(.data) for pxCurrentTCB
    port.o(.text) refers to port.o(.emb_text) for vPortStartFirstTask
    port.o(.text) refers to tasks.o(.text) for vTaskIncrementTick
    port.o(.text) refers to port.o(.data) for uxCriticalNesting
    heap_1.o(.text) refers to tasks.o(.text) for vTaskSuspendAll
    heap_1.o(.text) refers to heap_1.o(.data) for xNextFreeByte
    heap_1.o(.text) refers to heap_1.o(.bss) for xHeap
    entry.o(.ARM.Collect$$$$00000000) refers (Special) to entry10a.o(.ARM.Collect$$$$0000000F) for __rt_final_cpp
    entry.o(.ARM.Collect$$$$00000000) refers (Special) to entry11a.o(.ARM.Collect$$$$00000011) for __rt_final_exit
    entry.o(.ARM.Collect$$$$00000000) refers (Special) to entry12b.o(.ARM.Collect$$$$0000000E) for __rt_lib_shutdown_fini
    entry.o(.ARM.Collect$$$$00000000) refers (Special) to entry7b.o(.ARM.Collect$$$$00000008) for _main_clock
    entry.o(.ARM.Collect$$$$00000000) refers (Special) to entry8b.o(.ARM.Collect$$$$0000000A) for _main_cpp_init
    entry.o(.ARM.Collect$$$$00000000) refers (Special) to entry9a.o(.ARM.Collect$$$$0000000B) for _main_init
    entry.o(.ARM.Collect$$$$00000000) refers (Special) to entry5.o(.ARM.Collect$$$$00000004) for _main_scatterload
    entry.o(.ARM.Collect$$$$00000000) refers (Special) to entry2.o(.ARM.Collect$$$$00000001) for _main_stk
    printfb.o(i.__0fprintf$bare) refers to printfb.o(i._printf_core) for _printf_core
    printfb.o(i.__0fprintf$bare) refers to simulateur.o(.text) for fputc
    printfb.o(i.__0printf$bare) refers to printfb.o(i._printf_core) for _printf_core
    printfb.o(i.__0printf$bare) refers to simulateur.o(.text) for fputc
    printfb.o(i.__0printf$bare) refers to stdout.o(.data) for __stdout
    printfb.o(i.__0snprintf$bare) refers to printfb.o(i._printf_core) for _printf_core
    printfb.o(i.__0snprintf$bare) refers to printfb.o(i._snputc) for _snputc
    printfb.o(i.__0sprintf$bare) refers to printfb.o(i._printf_core) for _printf_core
    printfb.o(i.__0sprintf$bare) refers to printfb.o(i._sputc) for _sputc
    printfb.o(i.__0vfprintf$bare) refers to printfb.o(i._printf_core) for _printf_core
    printfb.o(i.__0vfprintf$bare) refers to simulateur.o(.text) for fputc
    printfb.o(i.__0vprintf$bare) refers to printfb.o(i._printf_core) for _printf_core
    printfb.o(i.__0vprintf$bare) refers to simulateur.o(.text) for fputc
    printfb.o(i.__0vprintf$bare) refers to stdout.o(.data) for __stdout
    printfb.o(i.__0vsnprintf$bare) refers to printfb.o(i._printf_core) for _printf_core
    printfb.o(i.__0vsnprintf$bare) refers to printfb.o(i._snputc) for _snputc
    printfb.o(i.__0vsprintf$bare) refers to printfb.o(i._printf_core) for _printf_core
    printfb.o(i.__0vsprintf$bare) refers to printfb.o(i._sputc) for _sputc
    printf0.o(i.__0fprintf$0) refers to printf0.o(i._printf_core) for _printf_core
    printf0.o(i.__0fprintf$0) refers to simulateur.o(.text) for fputc
    printf0.o(i.__0printf$0) refers to printf0.o(i._printf_core) for _printf_core
    printf0.o(i.__0printf$0) refers to simulateur.o(.text) for fputc
    printf0.o(i.__0printf$0) refers to stdout.o(.data) for __stdout
    printf0.o(i.__0snprintf$0) refers to printf0.o(i._printf_core) for _printf_core
    printf0.o(i.__0snprintf$0) refers to printf0.o(i._snputc) for _snputc
    printf0.o(i.__0sprintf$0) refers to printf0.o(i._printf_core) for _printf_core
    printf0.o(i.__0sprintf$0) refers to printf0.o(i._sputc) for _sputc
    printf0.o(i.__0vfprintf$0) refers to printf0.o(i._printf_core) for _printf_core
    printf0.o(i.__0vfprintf$0) refers to simulateur.o(.text) for fputc
    printf0.o(i.__0vprintf$0) refers to printf0.o(i._printf_core) for _printf_core
    printf0.o(i.__0vprintf$0) refers to simulateur.o(.text) for fputc
    printf0.o(i.__0vprintf$0) refers to stdout.o(.data) for __stdout
    printf0.o(i.__0vsnprintf$0) refers to printf0.o(i._printf_core) for _printf_core
    printf0.o(i.__0vsnprintf$0) refers to printf0.o(i._snputc) for _snputc
    printf0.o(i.__0vsprintf$0) refers to printf0.o(i._printf_core) for _printf_core
    printf0.o(i.__0vsprintf$0) refers to printf0.o(i._sputc) for _sputc
    printf1.o(i.__0fprintf$1) refers to printf1.o(i._printf_core) for _printf_core
    printf1.o(i.__0fprintf$1) refers to simulateur.o(.text) for fputc
    printf1.o(i.__0printf$1) refers to printf1.o(i._printf_core) for _printf_core
    printf1.o(i.__0printf$1) refers to simulateur.o(.text) for fputc
    printf1.o(i.__0printf$1) refers to stdout.o(.data) for __stdout
    printf1.o(i.__0snprintf$1) refers to printf1.o(i._printf_core) for _printf_core
    printf1.o(i.__0snprintf$1) refers to printf1.o(i._snputc) for _snputc
    printf1.o(i.__0sprintf$1) refers to printf1.o(i._printf_core) for _printf_core
    printf1.o(i.__0sprintf$1) refers to printf1.o(i._sputc) for _sputc
    printf1.o(i.__0vfprintf$1) refers to printf1.o(i._printf_core) for _printf_core
    printf1.o(i.__0vfprintf$1) refers to simulateur.o(.text) for fputc
    printf1.o(i.__0vprintf$1) refers to printf1.o(i._printf_core) for _printf_core
    printf1.o(i.__0vprintf$1) refers to simulateur.o(.text) for fputc
    printf1.o(i.__0vprintf$1) refers to stdout.o(.data) for __stdout
    printf1.o(i.__0vsnprintf$1) refers to printf1.o(i._printf_core) for _printf_core
    printf1.o(i.__0vsnprintf$1) refers to printf1.o(i._snputc) for _snputc
    printf1.o(i.__0vsprintf$1) refers to printf1.o(i._printf_core) for _printf_core
    printf1.o(i.__0vsprintf$1) refers to printf1.o(i._sputc) for _sputc
    printf1.o(i._printf_core) refers to uidiv.o(.text) for __aeabi_uidivmod
    printf2.o(i.__0fprintf$2) refers to printf2.o(i._printf_core) for _printf_core
    printf2.o(i.__0fprintf$2) refers to simulateur.o(.text) for fputc
    printf2.o(i.__0printf$2) refers to printf2.o(i._printf_core) for _printf_core
    printf2.o(i.__0printf$2) refers to simulateur.o(.text) for fputc
    printf2.o(i.__0printf$2) refers to stdout.o(.data) for __stdout
    printf2.o(i.__0snprintf$2) refers to printf2.o(i._printf_core) for _printf_core
    printf2.o(i.__0snprintf$2) refers to printf2.o(i._snputc) for _snputc
    printf2.o(i.__0sprintf$2) refers to printf2.o(i._printf_core) for _printf_core
    printf2.o(i.__0sprintf$2) refers to printf2.o(i._sputc) for _sputc
    printf2.o(i.__0vfprintf$2) refers to printf2.o(i._printf_core) for _printf_core
    printf2.o(i.__0vfprintf$2) refers to simulateur.o(.text) for fputc
    printf2.o(i.__0vprintf$2) refers to printf2.o(i._printf_core) for _printf_core
    printf2.o(i.__0vprintf$2) refers to simulateur.o(.text) for fputc
    printf2.o(i.__0vprintf$2) refers to stdout.o(.data) for __stdout
    printf2.o(i.__0vsnprintf$2) refers to printf2.o(i._printf_core) for _printf_core
    printf2.o(i.__0vsnprintf$2) refers to printf2.o(i._snputc) for _snputc
    printf2.o(i.__0vsprintf$2) refers to printf2.o(i._printf_core) for _printf_core
    printf2.o(i.__0vsprintf$2) refers to printf2.o(i._sputc) for _sputc
    printf3.o(i.__0fprintf$3) refers to printf3.o(i._printf_core) for _printf_core
    printf3.o(i.__0fprintf$3) refers to simulateur.o(.text) for fputc
    printf3.o(i.__0printf$3) refers to printf3.o(i._printf_core) for _printf_core
    printf3.o(i.__0printf$3) refers to simulateur.o(.text) for fputc
    printf3.o(i.__0printf$3) refers to stdout.o(.data) for __stdout
    printf3.o(i.__0snprintf$3) refers to printf3.o(i._printf_core) for _printf_core
    printf3.o(i.__0snprintf$3) refers to printf3.o(i._snputc) for _snputc
    printf3.o(i.__0sprintf$3) refers to printf3.o(i._printf_core) for _printf_core
    printf3.o(i.__0sprintf$3) refers to printf3.o(i._sputc) for _sputc
    printf3.o(i.__0vfprintf$3) refers to printf3.o(i._printf_core) for _printf_core
    printf3.o(i.__0vfprintf$3) refers to simulateur.o(.text) for fputc
    printf3.o(i.__0vprintf$3) refers to printf3.o(i._printf_core) for _printf_core
    printf3.o(i.__0vprintf$3) refers to simulateur.o(.text) for fputc
    printf3.o(i.__0vprintf$3) refers to stdout.o(.data) for __stdout
    printf3.o(i.__0vsnprintf$3) refers to printf3.o(i._printf_core) for _printf_core
    printf3.o(i.__0vsnprintf$3) refers to printf3.o(i._snputc) for _snputc
    printf3.o(i.__0vsprintf$3) refers to printf3.o(i._printf_core) for _printf_core
    printf3.o(i.__0vsprintf$3) refers to printf3.o(i._sputc) for _sputc
    printf3.o(i._printf_core) refers to uidiv.o(.text) for __aeabi_uidivmod
    printf4.o(i.__0fprintf$4) refers to printf4.o(i._printf_core) for _printf_core
    printf4.o(i.__0fprintf$4) refers to simulateur.o(.text) for fputc
    printf4.o(i.__0printf$4) refers to printf4.o(i._printf_core) for _printf_core
    printf4.o(i.__0printf$4) refers to simulateur.o(.text) for fputc
    printf4.o(i.__0printf$4) refers to stdout.o(.data) for __stdout
    printf4.o(i.__0snprintf$4) refers to printf4.o(i._printf_core) for _printf_core
    printf4.o(i.__0snprintf$4) refers to printf4.o(i._snputc) for _snputc
    printf4.o(i.__0sprintf$4) refers to printf4.o(i._printf_core) for _printf_core
    printf4.o(i.__0sprintf$4) refers to printf4.o(i._sputc) for _sputc
    printf4.o(i.__0vfprintf$4) refers to printf4.o(i._printf_core) for _printf_core
    printf4.o(i.__0vfprintf$4) refers to simulateur.o(.text) for fputc
    printf4.o(i.__0vprintf$4) refers to printf4.o(i._printf_core) for _printf_core
    printf4.o(i.__0vprintf$4) refers to simulateur.o(.text) for fputc
    printf4.o(i.__0vprintf$4) refers to stdout.o(.data) for __stdout
    printf4.o(i.__0vsnprintf$4) refers to printf4.o(i._printf_core) for _printf_core
    printf4.o(i.__0vsnprintf$4) refers to printf4.o(i._snputc) for _snputc
    printf4.o(i.__0vsprintf$4) refers to printf4.o(i._printf_core) for _printf_core
    printf4.o(i.__0vsprintf$4) refers to printf4.o(i._sputc) for _sputc
    printf4.o(i._printf_core) refers to uldiv.o(.text) for __aeabi_uldivmod
    printf5.o(i.__0fprintf$5) refers to printf5.o(i._printf_core) for _printf_core
    printf5.o(i.__0fprintf$5) refers to simulateur.o(.text) for fputc
    printf5.o(i.__0printf$5) refers to printf5.o(i._printf_core) for _printf_core
    printf5.o(i.__0printf$5) refers to simulateur.o(.text) for fputc
    printf5.o(i.__0printf$5) refers to stdout.o(.data) for __stdout
    printf5.o(i.__0snprintf$5) refers to printf5.o(i._printf_core) for _printf_core
    printf5.o(i.__0snprintf$5) refers to printf5.o(i._snputc) for _snputc
    printf5.o(i.__0sprintf$5) refers to printf5.o(i._printf_core) for _printf_core
    printf5.o(i.__0sprintf$5) refers to printf5.o(i._sputc) for _sputc
    printf5.o(i.__0vfprintf$5) refers to printf5.o(i._printf_core) for _printf_core
    printf5.o(i.__0vfprintf$5) refers to simulateur.o(.text) for fputc
    printf5.o(i.__0vprintf$5) refers to printf5.o(i._printf_core) for _printf_core
    printf5.o(i.__0vprintf$5) refers to simulateur.o(.text) for fputc
    printf5.o(i.__0vprintf$5) refers to stdout.o(.data) for __stdout
    printf5.o(i.__0vsnprintf$5) refers to printf5.o(i._printf_core) for _printf_core
    printf5.o(i.__0vsnprintf$5) refers to printf5.o(i._snputc) for _snputc
    printf5.o(i.__0vsprintf$5) refers to printf5.o(i._printf_core) for _printf_core
    printf5.o(i.__0vsprintf$5) refers to printf5.o(i._sputc) for _sputc
    printf5.o(i._printf_core) refers to uldiv.o(.text) for __aeabi_uldivmod
    printf6.o(i.__0fprintf$6) refers to printf6.o(i._printf_core) for _printf_core
    printf6.o(i.__0fprintf$6) refers to simulateur.o(.text) for fputc
    printf6.o(i.__0printf$6) refers to printf6.o(i._printf_core) for _printf_core
    printf6.o(i.__0printf$6) refers to simulateur.o(.text) for fputc
    printf6.o(i.__0printf$6) refers to stdout.o(.data) for __stdout
    printf6.o(i.__0snprintf$6) refers to printf6.o(i._printf_core) for _printf_core
    printf6.o(i.__0snprintf$6) refers to printf6.o(i._snputc) for _snputc
    printf6.o(i.__0sprintf$6) refers to printf6.o(i._printf_core) for _printf_core
    printf6.o(i.__0sprintf$6) refers to printf6.o(i._sputc) for _sputc
    printf6.o(i.__0vfprintf$6) refers to printf6.o(i._printf_core) for _printf_core
    printf6.o(i.__0vfprintf$6) refers to simulateur.o(.text) for fputc
    printf6.o(i.__0vprintf$6) refers to printf6.o(i._printf_core) for _printf_core
    printf6.o(i.__0vprintf$6) refers to simulateur.o(.text) for fputc
    printf6.o(i.__0vprintf$6) refers to stdout.o(.data) for __stdout
    printf6.o(i.__0vsnprintf$6) refers to printf6.o(i._printf_core) for _printf_core
    printf6.o(i.__0vsnprintf$6) refers to printf6.o(i._snputc) for _snputc
    printf6.o(i.__0vsprintf$6) refers to printf6.o(i._printf_core) for _printf_core
    printf6.o(i.__0vsprintf$6) refers to printf6.o(i._sputc) for _sputc
    printf6.o(i._printf_core) refers to printf6.o(i._printf_pre_padding) for _printf_pre_padding
    printf6.o(i._printf_core) refers to uidiv.o(.text) for __aeabi_uidivmod
    printf6.o(i._printf_core) refers to printf6.o(i._printf_post_padding) for _printf_post_padding
    printf7.o(i.__0fprintf$7) refers to printf7.o(i._printf_core) for _printf_core
    printf7.o(i.__0fprintf$7) refers to simulateur.o(.text) for fputc
    printf7.o(i.__0printf$7) refers to printf7.o(i._printf_core) for _printf_core
    printf7.o(i.__0printf$7) refers to simulateur.o(.text) for fputc
    printf7.o(i.__0printf$7) refers to stdout.o(.data) for __stdout
    printf7.o(i.__0snprintf$7) refers to printf7.o(i._printf_core) for _printf_core
    printf7.o(i.__0snprintf$7) refers to printf7.o(i._snputc) for _snputc
    printf7.o(i.__0sprintf$7) refers to printf7.o(i._printf_core) for _printf_core
    printf7.o(i.__0sprintf$7) refers to printf7.o(i._sputc) for _sputc
    printf7.o(i.__0vfprintf$7) refers to printf7.o(i._printf_core) for _printf_core
    printf7.o(i.__0vfprintf$7) refers to simulateur.o(.text) for fputc
    printf7.o(i.__0vprintf$7) refers to printf7.o(i._printf_core) for _printf_core
    printf7.o(i.__0vprintf$7) refers to simulateur.o(.text) for fputc
    printf7.o(i.__0vprintf$7) refers to stdout.o(.data) for __stdout
    printf7.o(i.__0vsnprintf$7) refers to printf7.o(i._printf_core) for _printf_core
    printf7.o(i.__0vsnprintf$7) refers to printf7.o(i._snputc) for _snputc
    printf7.o(i.__0vsprintf$7) refers to printf7.o(i._printf_core) for _printf_core
    printf7.o(i.__0vsprintf$7) refers to printf7.o(i._sputc) for _sputc
    printf7.o(i._printf_core) refers to printf7.o(i._printf_pre_padding) for _printf_pre_padding
    printf7.o(i._printf_core) refers to uldiv.o(.text) for __aeabi_uldivmod
    printf7.o(i._printf_core) refers to printf7.o(i._printf_post_padding) for _printf_post_padding
    printf8.o(i.__0fprintf$8) refers to printf8.o(i._printf_core) for _printf_core
    printf8.o(i.__0fprintf$8) refers to simulateur.o(.text) for fputc
    printf8.o(i.__0printf$8) refers to printf8.o(i._printf_core) for _printf_core
    printf8.o(i.__0printf$8) refers to simulateur.o(.text) for fputc
    printf8.o(i.__0printf$8) refers to stdout.o(.data) for __stdout
    printf8.o(i.__0snprintf$8) refers to printf8.o(i._printf_core) for _printf_core
    printf8.o(i.__0snprintf$8) refers to printf8.o(i._snputc) for _snputc
    printf8.o(i.__0sprintf$8) refers to printf8.o(i._printf_core) for _printf_core
    printf8.o(i.__0sprintf$8) refers to printf8.o(i._sputc) for _sputc
    printf8.o(i.__0vfprintf$8) refers to printf8.o(i._printf_core) for _printf_core
    printf8.o(i.__0vfprintf$8) refers to simulateur.o(.text) for fputc
    printf8.o(i.__0vprintf$8) refers to printf8.o(i._printf_core) for _printf_core
    printf8.o(i.__0vprintf$8) refers to simulateur.o(.text) for fputc
    printf8.o(i.__0vprintf$8) refers to stdout.o(.data) for __stdout
    printf8.o(i.__0vsnprintf$8) refers to printf8.o(i._printf_core) for _printf_core
    printf8.o(i.__0vsnprintf$8) refers to printf8.o(i._snputc) for _snputc
    printf8.o(i.__0vsprintf$8) refers to printf8.o(i._printf_core) for _printf_core
    printf8.o(i.__0vsprintf$8) refers to printf8.o(i._sputc) for _sputc
    printf8.o(i._printf_core) refers to printf8.o(i._printf_pre_padding) for _printf_pre_padding
    printf8.o(i._printf_core) refers to uldiv.o(.text) for __aeabi_uldivmod
    printf8.o(i._printf_core) refers to printf8.o(i._printf_post_padding) for _printf_post_padding
    printfa.o(i.__0fprintf) refers (Special) to iusefp.o(.text) for __I$use$fp
    printfa.o(i.__0fprintf) refers to printfa.o(i._printf_core) for _printf_core
    printfa.o(i.__0fprintf) refers to simulateur.o(.text) for fputc
    printfa.o(i.__0printf) refers (Special) to iusefp.o(.text) for __I$use$fp
    printfa.o(i.__0printf) refers to printfa.o(i._printf_core) for _printf_core
    printfa.o(i.__0printf) refers to simulateur.o(.text) for fputc
    printfa.o(i.__0printf) refers to stdout.o(.data) for __stdout
    printfa.o(i.__0snprintf) refers (Special) to iusefp.o(.text) for __I$use$fp
    printfa.o(i.__0snprintf) refers to printfa.o(i._printf_core) for _printf_core
    printfa.o(i.__0snprintf) refers to printfa.o(i._snputc) for _snputc
    printfa.o(i.__0sprintf) refers (Special) to iusefp.o(.text) for __I$use$fp
    printfa.o(i.__0sprintf) refers to printfa.o(i._printf_core) for _printf_core
    printfa.o(i.__0sprintf) refers to printfa.o(i._sputc) for _sputc
    printfa.o(i.__0vfprintf) refers (Special) to iusefp.o(.text) for __I$use$fp
    printfa.o(i.__0vfprintf) refers to printfa.o(i._printf_core) for _printf_core
    printfa.o(i.__0vfprintf) refers to simulateur.o(.text) for fputc
    printfa.o(i.__0vprintf) refers (Special) to iusefp.o(.text) for __I$use$fp
    printfa.o(i.__0vprintf) refers to printfa.o(i._printf_core) for _printf_core
    printfa.o(i.__0vprintf) refers to simulateur.o(.text) for fputc
    printfa.o(i.__0vprintf) refers to stdout.o(.data) for __stdout
    printfa.o(i.__0vsnprintf) refers (Special) to iusefp.o(.text) for __I$use$fp
    printfa.o(i.__0vsnprintf) refers to printfa.o(i._printf_core) for _printf_core
    printfa.o(i.__0vsnprintf) refers to printfa.o(i._snputc) for _snputc
    printfa.o(i.__0vsprintf) refers (Special) to iusefp.o(.text) for __I$use$fp
    printfa.o(i.__0vsprintf) refers to printfa.o(i._printf_core) for _printf_core
    printfa.o(i.__0vsprintf) refers to printfa.o(i._sputc) for _sputc
    printfa.o(i._fp_digits) refers (Special) to iusefp.o(.text) for __I$use$fp
    printfa.o(i._fp_digits) refers to dmul.o(.text) for __aeabi_dmul
    printfa.o(i._fp_digits) refers to ddiv.o(.text) for __aeabi_ddiv
    printfa.o(i._fp_digits) refers to cdrcmple.o(.text) for __aeabi_cdrcmple
    printfa.o(i._fp_digits) refers to dadd.o(.text) for __aeabi_dadd
    printfa.o(i._fp_digits) refers to dfixul.o(.text) for __aeabi_d2ulz
    printfa.o(i._fp_digits) refers to uldiv.o(.text) for __aeabi_uldivmod
    printfa.o(i._printf_core) refers (Special) to iusefp.o(.text) for __I$use$fp
    printfa.o(i._printf_core) refers to printfa.o(i._printf_pre_padding) for _printf_pre_padding
    printfa.o(i._printf_core) refers to uldiv.o(.text) for __aeabi_uldivmod
    printfa.o(i._printf_core) refers to printfa.o(i._printf_post_padding) for _printf_post_padding
    printfa.o(i._printf_core) refers to printfa.o(i._fp_digits) for _fp_digits
    printfa.o(i._printf_core) refers to uidiv.o(.text) for __aeabi_uidivmod
    printfa.o(i._printf_post_padding) refers (Special) to iusefp.o(.text) for __I$use$fp
    printfa.o(i._printf_pre_padding) refers (Special) to iusefp.o(.text) for __I$use$fp
    printfa.o(i._snputc) refers (Special) to iusefp.o(.text) for __I$use$fp
    printfa.o(i._sputc) refers (Special) to iusefp.o(.text) for __I$use$fp
    entry2.o(.ARM.Collect$$$$00000001) refers to entry2.o(.ARM.Collect$$$$00002712) for __lit__00000000
    entry2.o(.ARM.Collect$$$$00002712) refers to startup_mps_cm3.o(STACK) for __initial_sp
    entry2.o(__vectab_stack_and_reset_area) refers to startup_mps_cm3.o(STACK) for __initial_sp
    entry2.o(__vectab_stack_and_reset_area) refers to entry.o(.ARM.Collect$$$$00000000) for __main
    entry5.o(.ARM.Collect$$$$00000004) refers to init.o(.text) for __scatterload
    entry9a.o(.ARM.Collect$$$$0000000B) refers to main.o(.text) for main
    entry9b.o(.ARM.Collect$$$$0000000C) refers to main.o(.text) for main
    uldiv.o(.text) refers to llushr.o(.text) for __aeabi_llsr
    uldiv.o(.text) refers to llshl.o(.text) for __aeabi_llsl
    dadd.o(.text) refers to llshl.o(.text) for __aeabi_llsl
    dadd.o(.text) refers to llsshr.o(.text) for __aeabi_lasr
    dadd.o(.text) refers to depilogue.o(.text) for _double_epilogue
    dmul.o(.text) refers to depilogue.o(.text) for _double_epilogue
    ddiv.o(.text) refers to depilogue.o(.text) for _double_round
    dfixul.o(.text) refers to llushr.o(.text) for __aeabi_llsr
    dfixul.o(.text) refers to llshl.o(.text) for __aeabi_llsl
    init.o(.text) refers to entry5.o(.ARM.Collect$$$$00000004) for __main_after_scatterload
    depilogue.o(.text) refers to llshl.o(.text) for __aeabi_llsl
    depilogue.o(.text) refers to llushr.o(.text) for __aeabi_llsr


==============================================================================

Removing Unused input sections from the image.

    Removing startup_mps_cm3.o(HEAP), (0 bytes).
    Removing dadd.o(.text), (334 bytes).
    Removing dmul.o(.text), (228 bytes).
    Removing ddiv.o(.text), (222 bytes).
    Removing dfixul.o(.text), (48 bytes).
    Removing cdrcmple.o(.text), (48 bytes).
    Removing depilogue.o(.text), (186 bytes).

7 unused section(s) (total 1066 bytes) removed from the image.

==============================================================================

Image Symbol Table

    Local Symbols

    Symbol Name                              Value     Ov Type        Size  Object(Section)

    ../clib/microlib/division.c              0x00000000   Number         0  uldiv.o ABSOLUTE
    ../clib/microlib/division.c              0x00000000   Number         0  uidiv.o ABSOLUTE
    ../clib/microlib/init/entry.s            0x00000000   Number         0  entry10b.o ABSOLUTE
    ../clib/microlib/init/entry.s            0x00000000   Number         0  entry.o ABSOLUTE
    ../clib/microlib/init/entry.s            0x00000000   Number         0  entry7b.o ABSOLUTE
    ../clib/microlib/init/entry.s            0x00000000   Number         0  entry2.o ABSOLUTE
    ../clib/microlib/init/entry.s            0x00000000   Number         0  entry11a.o ABSOLUTE
    ../clib/microlib/init/entry.s            0x00000000   Number         0  entry7a.o ABSOLUTE
    ../clib/microlib/init/entry.s            0x00000000   Number         0  entry8a.o ABSOLUTE
    ../clib/microlib/init/entry.s            0x00000000   Number         0  entry8b.o ABSOLUTE
    ../clib/microlib/init/entry.s            0x00000000   Number         0  entry5.o ABSOLUTE
    ../clib/microlib/init/entry.s            0x00000000   Number         0  entry9a.o ABSOLUTE
    ../clib/microlib/init/entry.s            0x00000000   Number         0  entry11b.o ABSOLUTE
    ../clib/microlib/init/entry.s            0x00000000   Number         0  entry12b.o ABSOLUTE
    ../clib/microlib/init/entry.s            0x00000000   Number         0  entry9b.o ABSOLUTE
    ../clib/microlib/init/entry.s            0x00000000   Number         0  entry12a.o ABSOLUTE
    ../clib/microlib/init/entry.s            0x00000000   Number         0  entry10a.o ABSOLUTE
    ../clib/microlib/longlong.c              0x00000000   Number         0  llushr.o ABSOLUTE
    ../clib/microlib/longlong.c              0x00000000   Number         0  llshl.o ABSOLUTE
    ../clib/microlib/longlong.c              0x00000000   Number         0  llsshr.o ABSOLUTE
    ../clib/microlib/printf/printf.c         0x00000000   Number         0  printf2.o ABSOLUTE
    ../clib/microlib/printf/printf.c         0x00000000   Number         0  printf4.o ABSOLUTE
    ../clib/microlib/printf/printf.c         0x00000000   Number         0  printf5.o ABSOLUTE
    ../clib/microlib/printf/printf.c         0x00000000   Number         0  printf6.o ABSOLUTE
    ../clib/microlib/printf/printf.c         0x00000000   Number         0  printf7.o ABSOLUTE
    ../clib/microlib/printf/printf.c         0x00000000   Number         0  printf8.o ABSOLUTE
    ../clib/microlib/printf/printf.c         0x00000000   Number         0  printf3.o ABSOLUTE
    ../clib/microlib/printf/printf.c         0x00000000   Number         0  printfa.o ABSOLUTE
    ../clib/microlib/printf/printf.c         0x00000000   Number         0  printf0.o ABSOLUTE
    ../clib/microlib/printf/printf.c         0x00000000   Number         0  printfb.o ABSOLUTE
    ../clib/microlib/printf/printf.c         0x00000000   Number         0  printf1.o ABSOLUTE
    ../clib/microlib/printf/stubs.s          0x00000000   Number         0  stubs.o ABSOLUTE
    ../clib/microlib/stdio/streams.c         0x00000000   Number         0  stdout.o ABSOLUTE
    ../clib/microlib/string/memcpy.c         0x00000000   Number         0  memcpyb.o ABSOLUTE
    ../clib/microlib/string/memcpy.c         0x00000000   Number         0  memcpya.o ABSOLUTE
    ../clib/microlib/string/memset.c         0x00000000   Number         0  memseta.o ABSOLUTE
    ../clib/microlib/string/strcat.c         0x00000000   Number         0  strcat.o ABSOLUTE
    ../clib/microlib/string/strncpy.c        0x00000000   Number         0  strncpy.o ABSOLUTE
    ../clib/microlib/stubs.s                 0x00000000   Number         0  iusefp.o ABSOLUTE
    ../fplib/microlib/fpadd.c                0x00000000   Number         0  dadd.o ABSOLUTE
    ../fplib/microlib/fpdiv.c                0x00000000   Number         0  ddiv.o ABSOLUTE
    ../fplib/microlib/fpepilogue.c           0x00000000   Number         0  depilogue.o ABSOLUTE
    ../fplib/microlib/fpfix.c                0x00000000   Number         0  dfixul.o ABSOLUTE
    ../fplib/microlib/fpmul.c                0x00000000   Number         0  dmul.o ABSOLUTE
    FreeRTOS-Source\\portable\\RVDS\\ARM_CM3\\port.c 0x00000000   Number         0  port.o ABSOLUTE
    FreeRTOS-Source\list.c                   0x00000000   Number         0  list.o ABSOLUTE
    FreeRTOS-Source\portable\MemMang\heap_1.c 0x00000000   Number         0  heap_1.o ABSOLUTE
    FreeRTOS-Source\portable\RVDS\ARM_CM3\port.c 0x00000000   Number         0  port.o ABSOLUTE
    FreeRTOS-Source\queue.c                  0x00000000   Number         0  queue.o ABSOLUTE
    FreeRTOS-Source\tasks.c                  0x00000000   Number         0  tasks.o ABSOLUTE
    cdrcmple.s                               0x00000000   Number         0  cdrcmple.o ABSOLUTE
    dc.s                                     0x00000000   Number         0  dc.o ABSOLUTE
    handlers.s                               0x00000000   Number         0  handlers.o ABSOLUTE
    init.s                                   0x00000000   Number         0  init.o ABSOLUTE
    main.c                                   0x00000000   Number         0  main.o ABSOLUTE
    simulateur.c                             0x00000000   Number         0  simulateur.o ABSOLUTE
    startup_MPS_CM3.s                        0x00000000   Number         0  startup_mps_cm3.o ABSOLUTE
    RESET                                    0x08000000   Section      192  startup_mps_cm3.o(RESET)
    .ARM.Collect$$$$00000000                 0x080000c0   Section        0  entry.o(.ARM.Collect$$$$00000000)
    .ARM.Collect$$$$00000001                 0x080000c0   Section        4  entry2.o(.ARM.Collect$$$$00000001)
    .ARM.Collect$$$$00000004                 0x080000c4   Section        4  entry5.o(.ARM.Collect$$$$00000004)
    .ARM.Collect$$$$00000008                 0x080000c8   Section        0  entry7b.o(.ARM.Collect$$$$00000008)
    .ARM.Collect$$$$0000000A                 0x080000c8   Section        0  entry8b.o(.ARM.Collect$$$$0000000A)
    .ARM.Collect$$$$0000000B                 0x080000c8   Section        8  entry9a.o(.ARM.Collect$$$$0000000B)
    .ARM.Collect$$$$0000000E                 0x080000d0   Section        4  entry12b.o(.ARM.Collect$$$$0000000E)
    .ARM.Collect$$$$0000000F                 0x080000d4   Section        0  entry10a.o(.ARM.Collect$$$$0000000F)
    .ARM.Collect$$$$00000011                 0x080000d4   Section        0  entry11a.o(.ARM.Collect$$$$00000011)
    .ARM.Collect$$$$00002712                 0x080000d4   Section        4  entry2.o(.ARM.Collect$$$$00002712)
    __lit__00000000                          0x080000d4   Data           4  entry2.o(.ARM.Collect$$$$00002712)
    .emb_text                                0x080000d8   Section      136  port.o(.emb_text)
    $v0                                      0x080000d8   Number         0  port.o(.emb_text)
    .text                                    0x08000160   Section       28  startup_mps_cm3.o(.text)
    $v0                                      0x08000160   Number         0  startup_mps_cm3.o(.text)
    .text                                    0x0800017c   Section        0  simulateur.o(.text)
    .text                                    0x080001a0   Section        0  main.o(.text)
    .text                                    0x08000574   Section        0  tasks.o(.text)
    prvInitialiseTaskLists                   0x08000575   Thumb Code    64  tasks.o(.text)
    prvInitialiseTCBVariables                0x080005b5   Thumb Code    68  tasks.o(.text)
    prvAllocateTCBAndStack                   0x080005f9   Thumb Code    58  tasks.o(.text)
    prvDeleteTCB                             0x08000a21   Thumb Code    18  tasks.o(.text)
    prvCheckTasksWaitingTermination          0x08000a33   Thumb Code    94  tasks.o(.text)
    prvIdleTask                              0x08000a91   Thumb Code     8  tasks.o(.text)
    usTaskCheckFreeStackSpace                0x08000afd   Thumb Code    22  tasks.o(.text)
    prvListTaskWithinSingleList              0x08000b13   Thumb Code   116  tasks.o(.text)
    .text                                    0x08000ed0   Section        0  list.o(.text)
    .text                                    0x08000f64   Section        0  queue.o(.text)
    prvUnlockQueue                           0x08000fd1   Thumb Code   110  queue.o(.text)
    prvIsQueueFull                           0x0800103f   Thumb Code    32  queue.o(.text)
    prvCopyDataToQueue                       0x0800105f   Thumb Code    88  queue.o(.text)
    prvIsQueueEmpty                          0x080011db   Thumb Code    28  queue.o(.text)
    prvCopyDataFromQueue                     0x080011f7   Thumb Code    42  queue.o(.text)
    .text                                    0x080013b8   Section        0  port.o(.text)
    prvSetupTimerInterrupt                   0x080013d3   Thumb Code    16  port.o(.text)
    .text                                    0x08001468   Section        0  heap_1.o(.text)
    .text                                    0x080014d4   Section        0  memcpya.o(.text)
    .text                                    0x080014f8   Section        0  memseta.o(.text)
    .text                                    0x0800151c   Section        0  strcat.o(.text)
    .text                                    0x08001534   Section        0  strncpy.o(.text)
    .text                                    0x0800154c   Section        0  uidiv.o(.text)
    .text                                    0x08001578   Section       36  init.o(.text)
    i.__0printf$3                            0x0800159c   Section        0  printf3.o(i.__0printf$3)
    i.__0sprintf$3                           0x080015bc   Section        0  printf3.o(i.__0sprintf$3)
    i.__scatterload_copy                     0x080015e4   Section       14  handlers.o(i.__scatterload_copy)
    i.__scatterload_null                     0x080015f2   Section        2  handlers.o(i.__scatterload_null)
    i.__scatterload_zeroinit                 0x080015f4   Section       14  handlers.o(i.__scatterload_zeroinit)
    i._printf_core                           0x08001604   Section        0  printf3.o(i._printf_core)
    _printf_core                             0x08001605   Thumb Code   436  printf3.o(i._printf_core)
    i._sputc                                 0x080017bc   Section        0  printf3.o(i._sputc)
    _sputc                                   0x080017bd   Thumb Code    10  printf3.o(i._sputc)
    .constdata                               0x080017c8   Section       48  main.o(.constdata)
    .conststring                             0x080017f8   Section       75  main.o(.conststring)
    .data                                    0x20000000   Section       20  main.o(.data)
    .data                                    0x20000014   Section       76  tasks.o(.data)
    pxDelayedTaskList                        0x20000018   Data           4  tasks.o(.data)
    pxOverflowDelayedTaskList                0x2000001c   Data           4  tasks.o(.data)
    uxTasksDeleted                           0x20000020   Data           4  tasks.o(.data)
    uxCurrentNumberOfTasks                   0x20000024   Data           4  tasks.o(.data)
    xTickCount                               0x20000028   Data           4  tasks.o(.data)
    uxTopUsedPriority                        0x2000002c   Data           4  tasks.o(.data)
    uxTopReadyPriority                       0x20000030   Data           4  tasks.o(.data)
    xSchedulerRunning                        0x20000034   Data           4  tasks.o(.data)
    uxSchedulerSuspended                     0x20000038   Data           4  tasks.o(.data)
    uxMissedTicks                            0x2000003c   Data           4  tasks.o(.data)
    xMissedYield                             0x20000040   Data           4  tasks.o(.data)
    xNumOfOverflows                          0x20000044   Data           4  tasks.o(.data)
    uxTaskNumber                             0x20000048   Data           4  tasks.o(.data)
    pcTraceBuffer                            0x2000004c   Data           4  tasks.o(.data)
    pcTraceBufferStart                       0x20000050   Data           4  tasks.o(.data)
    pcTraceBufferEnd                         0x20000054   Data           4  tasks.o(.data)
    xTracing                                 0x20000058   Data           4  tasks.o(.data)
    uxPreviousTask                           0x2000005c   Data           4  tasks.o(.data)
    .data                                    0x20000060   Section        4  port.o(.data)
    uxCriticalNesting                        0x20000060   Data           4  port.o(.data)
    .data                                    0x20000064   Section        4  heap_1.o(.data)
    xNextFreeByte                            0x20000064   Data           4  heap_1.o(.data)
    .data                                    0x20000068   Section        4  stdout.o(.data)
    .bss                                     0x2000006c   Section       24  simulateur.o(.bss)
    .bss                                     0x20000084   Section      230  tasks.o(.bss)
    pxReadyTasksLists                        0x20000084   Data         100  tasks.o(.bss)
    xDelayedTaskList1                        0x200000e8   Data          20  tasks.o(.bss)
    xDelayedTaskList2                        0x200000fc   Data          20  tasks.o(.bss)
    xPendingReadyList                        0x20000110   Data          20  tasks.o(.bss)
    xTasksWaitingTermination                 0x20000124   Data          20  tasks.o(.bss)
    pcStatusString                           0x20000138   Data          50  tasks.o(.bss)
    .bss                                     0x20000170   Section    16384  heap_1.o(.bss)
    xHeap                                    0x20000170   Data       16384  heap_1.o(.bss)
    STACK                                    0x20004170   Section      512  startup_mps_cm3.o(STACK)

    Global Symbols

    Symbol Name                              Value     Ov Type        Size  Object(Section)

    BuildAttributes$$THM_ISAv4$E$P$D$K$B$S$7EM$VFPi3$EXTD16$VFPS$VFMA$PE$A:L22UL41UL21$X:L11$S22US41US21$IEEE1$IW$USESV6$~STKCKD$USESV7$~SHL$OSPACE$ROPI$EBA8$MICROLIB$REQ8$PRES8$EABIv2 0x00000000   Number         0  anon$$obj.o ABSOLUTE
    __ARM_use_no_argv                        0x00000000   Number         0  main.o ABSOLUTE
    _printf_a                                0x00000000   Number         0  stubs.o ABSOLUTE
    _printf_c                                0x00000000   Number         0  stubs.o ABSOLUTE
    _printf_charcount                        0x00000000   Number         0  stubs.o ABSOLUTE
    _printf_d                                0x00000000   Number         0  stubs.o ABSOLUTE
    _printf_e                                0x00000000   Number         0  stubs.o ABSOLUTE
    _printf_f                                0x00000000   Number         0  stubs.o ABSOLUTE
    _printf_flags                            0x00000000   Number         0  stubs.o ABSOLUTE
    _printf_fp_dec                           0x00000000   Number         0  stubs.o ABSOLUTE
    _printf_fp_hex                           0x00000000   Number         0  stubs.o ABSOLUTE
    _printf_g                                0x00000000   Number         0  stubs.o ABSOLUTE
    _printf_i                                0x00000000   Number         0  stubs.o ABSOLUTE
    _printf_int_dec                          0x00000000   Number         0  stubs.o ABSOLUTE
    _printf_l                                0x00000000   Number         0  stubs.o ABSOLUTE
    _printf_lc                               0x00000000   Number         0  stubs.o ABSOLUTE
    _printf_ll                               0x00000000   Number         0  stubs.o ABSOLUTE
    _printf_lld                              0x00000000   Number         0  stubs.o ABSOLUTE
    _printf_lli                              0x00000000   Number         0  stubs.o ABSOLUTE
    _printf_llo                              0x00000000   Number         0  stubs.o ABSOLUTE
    _printf_llu                              0x00000000   Number         0  stubs.o ABSOLUTE
    _printf_llx                              0x00000000   Number         0  stubs.o ABSOLUTE
    _printf_longlong_dec                     0x00000000   Number         0  stubs.o ABSOLUTE
    _printf_longlong_hex                     0x00000000   Number         0  stubs.o ABSOLUTE
    _printf_longlong_oct                     0x00000000   Number         0  stubs.o ABSOLUTE
    _printf_ls                               0x00000000   Number         0  stubs.o ABSOLUTE
    _printf_mbtowc                           0x00000000   Number         0  stubs.o ABSOLUTE
    _printf_n                                0x00000000   Number         0  stubs.o ABSOLUTE
    _printf_o                                0x00000000   Number         0  stubs.o ABSOLUTE
    _printf_p                                0x00000000   Number         0  stubs.o ABSOLUTE
    _printf_percent                          0x00000000   Number         0  stubs.o ABSOLUTE
    _printf_pre_padding                      0x00000000   Number         0  stubs.o ABSOLUTE
    _printf_return_value                     0x00000000   Number         0  stubs.o ABSOLUTE
    _printf_s                                0x00000000   Number         0  stubs.o ABSOLUTE
    _printf_sizespec                         0x00000000   Number         0  stubs.o ABSOLUTE
    _printf_str                              0x00000000   Number         0  stubs.o ABSOLUTE
    _printf_truncate_signed                  0x00000000   Number         0  stubs.o ABSOLUTE
    _printf_truncate_unsigned                0x00000000   Number         0  stubs.o ABSOLUTE
    _printf_u                                0x00000000   Number         0  stubs.o ABSOLUTE
    _printf_wc                               0x00000000   Number         0  stubs.o ABSOLUTE
    _printf_wctomb                           0x00000000   Number         0  stubs.o ABSOLUTE
    _printf_widthprec                        0x00000000   Number         0  stubs.o ABSOLUTE
    _printf_x                                0x00000000   Number         0  stubs.o ABSOLUTE
    __arm_fini_                               - Undefined Weak Reference
    __cpp_initialize__aeabi_                  - Undefined Weak Reference
    __cxa_finalize                            - Undefined Weak Reference
    __decompress                              - Undefined Weak Reference
    _clock_init                               - Undefined Weak Reference
    _microlib_exit                            - Undefined Weak Reference
    __Vectors                                0x08000000   Data           4  startup_mps_cm3.o(RESET)
    __main                                   0x080000c1   Thumb Code     0  entry.o(.ARM.Collect$$$$00000000)
    _main_stk                                0x080000c1   Thumb Code     0  entry2.o(.ARM.Collect$$$$00000001)
    _main_scatterload                        0x080000c5   Thumb Code     0  entry5.o(.ARM.Collect$$$$00000004)
    __main_after_scatterload                 0x080000c9   Thumb Code     0  entry5.o(.ARM.Collect$$$$00000004)
    _main_clock                              0x080000c9   Thumb Code     0  entry7b.o(.ARM.Collect$$$$00000008)
    _main_cpp_init                           0x080000c9   Thumb Code     0  entry8b.o(.ARM.Collect$$$$0000000A)
    _main_init                               0x080000c9   Thumb Code     0  entry9a.o(.ARM.Collect$$$$0000000B)
    __rt_lib_shutdown_fini                   0x080000d1   Thumb Code     0  entry12b.o(.ARM.Collect$$$$0000000E)
    __rt_final_cpp                           0x080000d5   Thumb Code     0  entry10a.o(.ARM.Collect$$$$0000000F)
    __rt_final_exit                          0x080000d5   Thumb Code     0  entry11a.o(.ARM.Collect$$$$00000011)
    vPortSVCHandler                          0x080000d9   Thumb Code    28  port.o(.emb_text)
    vPortStartFirstTask                      0x080000f9   Thumb Code    12  port.o(.emb_text)
    xPortPendSVHandler                       0x08000109   Thumb Code    56  port.o(.emb_text)
    vPortSetInterruptMask                    0x08000145   Thumb Code    14  port.o(.emb_text)
    vPortClearInterruptMask                  0x08000153   Thumb Code    14  port.o(.emb_text)
    Reset_Handler                            0x08000161   Thumb Code     4  startup_mps_cm3.o(.text)
    NMI_Handler                              0x08000165   Thumb Code     2  startup_mps_cm3.o(.text)
    HardFault_Handler                        0x08000167   Thumb Code     2  startup_mps_cm3.o(.text)
    MemManage_Handler                        0x08000169   Thumb Code     2  startup_mps_cm3.o(.text)
    BusFault_Handler                         0x0800016b   Thumb Code     2  startup_mps_cm3.o(.text)
    UsageFault_Handler                       0x0800016d   Thumb Code     2  startup_mps_cm3.o(.text)
    SVC_Handler                              0x0800016f   Thumb Code     2  startup_mps_cm3.o(.text)
    DebugMon_Handler                         0x08000171   Thumb Code     2  startup_mps_cm3.o(.text)
    PendSV_Handler                           0x08000173   Thumb Code     2  startup_mps_cm3.o(.text)
    SysTick_Handler                          0x08000175   Thumb Code     2  startup_mps_cm3.o(.text)
    AACI_IRQHandler                          0x08000177   Thumb Code     0  startup_mps_cm3.o(.text)
    CAN_IRQHandler                           0x08000177   Thumb Code     0  startup_mps_cm3.o(.text)
    CHLCD_IRQHandler                         0x08000177   Thumb Code     0  startup_mps_cm3.o(.text)
    CLCD_IRQHandler                          0x08000177   Thumb Code     0  startup_mps_cm3.o(.text)
    CPU_CLCD_IRQHandler                      0x08000177   Thumb Code     0  startup_mps_cm3.o(.text)
    ENET_IRQHandler                          0x08000177   Thumb Code     0  startup_mps_cm3.o(.text)
    FLEXRAY_IRQHandler                       0x08000177   Thumb Code     0  startup_mps_cm3.o(.text)
    I2C_IRQHandler                           0x08000177   Thumb Code     0  startup_mps_cm3.o(.text)
    LIN_IRQHandler                           0x08000177   Thumb Code     0  startup_mps_cm3.o(.text)
    MCIA_IRQHandler                          0x08000177   Thumb Code     0  startup_mps_cm3.o(.text)
    MCIB_IRQHandler                          0x08000177   Thumb Code     0  startup_mps_cm3.o(.text)
    RTC_IRQHandler                           0x08000177   Thumb Code     0  startup_mps_cm3.o(.text)
    SPI_IRQHandler                           0x08000177   Thumb Code     0  startup_mps_cm3.o(.text)
    TIM0_IRQHandler                          0x08000177   Thumb Code     0  startup_mps_cm3.o(.text)
    TIM2_IRQHandler                          0x08000177   Thumb Code     0  startup_mps_cm3.o(.text)
    UART0_IRQHandler                         0x08000177   Thumb Code     0  startup_mps_cm3.o(.text)
    UART1_IRQHandler                         0x08000177   Thumb Code     0  startup_mps_cm3.o(.text)
    UART2_IRQHandler                         0x08000177   Thumb Code     0  startup_mps_cm3.o(.text)
    UART3_IRQHandler                         0x08000177   Thumb Code     0  startup_mps_cm3.o(.text)
    UART4_IRQHandler                         0x08000177   Thumb Code     0  startup_mps_cm3.o(.text)
    USBDC_IRQHandler                         0x08000177   Thumb Code     0  startup_mps_cm3.o(.text)
    USBHC_IRQHandler                         0x08000177   Thumb Code     0  startup_mps_cm3.o(.text)
    WDT_IRQHandler                           0x08000177   Thumb Code     0  startup_mps_cm3.o(.text)
    fputc                                    0x0800017d   Thumb Code    30  simulateur.o(.text)
    affiche_message                          0x080001a1   Thumb Code   100  main.o(.text)
    Tache_arrivee                            0x08000205   Thumb Code   140  main.o(.text)
    Tache_lecture_rapide                     0x08000291   Thumb Code    98  main.o(.text)
    Tache_relecture                          0x080002f3   Thumb Code    76  main.o(.text)
    Tache_depart_national                    0x0800033f   Thumb Code    30  main.o(.text)
    Tache_depart_international               0x0800035d   Thumb Code    30  main.o(.text)
    main                                     0x0800037b   Thumb Code   220  main.o(.text)
    xTaskGenericCreate                       0x08000633   Thumb Code   246  tasks.o(.text)
    vTaskDelete                              0x08000729   Thumb Code    94  tasks.o(.text)
    vTaskIncrementTick                       0x08000787   Thumb Code   160  tasks.o(.text)
    xTaskResumeAll                           0x08000827   Thumb Code   186  tasks.o(.text)
    vTaskSuspendAll                          0x080008e1   Thumb Code    12  tasks.o(.text)
    vTaskDelayUntil                          0x080008ed   Thumb Code   222  tasks.o(.text)
    vTaskDelay                               0x080009cb   Thumb Code    86  tasks.o(.text)
    vTaskStartScheduler                      0x08000a99   Thumb Code    52  tasks.o(.text)
    vTaskEndScheduler                        0x08000acd   Thumb Code    18  tasks.o(.text)
    xTaskGetTickCount                        0x08000adf   Thumb Code    18  tasks.o(.text)
    xTaskGetTickCountFromISR                 0x08000af1   Thumb Code     6  tasks.o(.text)
    uxTaskGetNumberOfTasks                   0x08000af7   Thumb Code     6  tasks.o(.text)
    vTaskList                                0x08000b87   Thumb Code   126  tasks.o(.text)
    vTaskStartTrace                          0x08000c05   Thumb Code    40  tasks.o(.text)
    ulTaskEndTrace                           0x08000c2d   Thumb Code    30  tasks.o(.text)
    vTaskSwitchContext                       0x08000c4b   Thumb Code   210  tasks.o(.text)
    vTaskPlaceOnEventList                    0x08000d1d   Thumb Code    80  tasks.o(.text)
    xTaskRemoveFromEventList                 0x08000d6d   Thumb Code   228  tasks.o(.text)
    vTaskSetTimeOutState                     0x08000e51   Thumb Code    14  tasks.o(.text)
    xTaskCheckForTimeOut                     0x08000e5f   Thumb Code    82  tasks.o(.text)
    vTaskMissedYield                         0x08000eb1   Thumb Code     8  tasks.o(.text)
    vListInitialise                          0x08000ed1   Thumb Code    26  list.o(.text)
    vListInitialiseItem                      0x08000eeb   Thumb Code     6  list.o(.text)
    vListInsertEnd                           0x08000ef1   Thumb Code    28  list.o(.text)
    vListInsert                              0x08000f0d   Thumb Code    52  list.o(.text)
    vListRemove                              0x08000f41   Thumb Code    36  list.o(.text)
    xQueueCreate                             0x08000f65   Thumb Code   108  queue.o(.text)
    xQueueGenericSend                        0x080010b7   Thumb Code   206  queue.o(.text)
    xQueueGenericSendFromISR                 0x08001185   Thumb Code    86  queue.o(.text)
    xQueueGenericReceive                     0x08001221   Thumb Code   244  queue.o(.text)
    xQueueReceiveFromISR                     0x08001315   Thumb Code    84  queue.o(.text)
    uxQueueMessagesWaiting                   0x08001369   Thumb Code    18  queue.o(.text)
    uxQueueMessagesWaitingFromISR            0x0800137b   Thumb Code     6  queue.o(.text)
    vQueueDelete                             0x08001381   Thumb Code    18  queue.o(.text)
    xQueueIsQueueEmptyFromISR                0x08001393   Thumb Code    16  queue.o(.text)
    xQueueIsQueueFullFromISR                 0x080013a3   Thumb Code    20  queue.o(.text)
    pxPortInitialiseStack                    0x080013b9   Thumb Code    26  port.o(.text)
    xPortStartScheduler                      0x080013e3   Thumb Code    42  port.o(.text)
    vPortEndScheduler                        0x0800140d   Thumb Code     2  port.o(.text)
    vPortYieldFromISR                        0x0800140f   Thumb Code    12  port.o(.text)
    vPortEnterCritical                       0x0800141b   Thumb Code    18  port.o(.text)
    vPortExitCritical                        0x0800142d   Thumb Code    24  port.o(.text)
    xPortSysTickHandler                      0x08001445   Thumb Code    28  port.o(.text)
    pvPortMalloc                             0x08001469   Thumb Code    78  heap_1.o(.text)
    vPortFree                                0x080014b7   Thumb Code     2  heap_1.o(.text)
    vPortInitialiseBlocks                    0x080014b9   Thumb Code     8  heap_1.o(.text)
    xPortGetFreeHeapSize                     0x080014c1   Thumb Code    10  heap_1.o(.text)
    __aeabi_memcpy                           0x080014d5   Thumb Code    36  memcpya.o(.text)
    __aeabi_memcpy4                          0x080014d5   Thumb Code     0  memcpya.o(.text)
    __aeabi_memcpy8                          0x080014d5   Thumb Code     0  memcpya.o(.text)
    __aeabi_memset                           0x080014f9   Thumb Code    14  memseta.o(.text)
    __aeabi_memset4                          0x080014f9   Thumb Code     0  memseta.o(.text)
    __aeabi_memset8                          0x080014f9   Thumb Code     0  memseta.o(.text)
    __aeabi_memclr                           0x08001507   Thumb Code     4  memseta.o(.text)
    __aeabi_memclr4                          0x08001507   Thumb Code     0  memseta.o(.text)
    __aeabi_memclr8                          0x08001507   Thumb Code     0  memseta.o(.text)
    _memset$wrapper                          0x0800150b   Thumb Code    18  memseta.o(.text)
    strcat                                   0x0800151d   Thumb Code    24  strcat.o(.text)
    strncpy                                  0x08001535   Thumb Code    24  strncpy.o(.text)
    __aeabi_uidiv                            0x0800154d   Thumb Code     0  uidiv.o(.text)
    __aeabi_uidivmod                         0x0800154d   Thumb Code    44  uidiv.o(.text)
    __scatterload                            0x08001579   Thumb Code    28  init.o(.text)
    __scatterload_rt2                        0x08001579   Thumb Code     0  init.o(.text)
    __0printf$3                              0x0800159d   Thumb Code    22  printf3.o(i.__0printf$3)
    __1printf$3                              0x0800159d   Thumb Code     0  printf3.o(i.__0printf$3)
    __2printf                                0x0800159d   Thumb Code     0  printf3.o(i.__0printf$3)
    __0sprintf$3                             0x080015bd   Thumb Code    34  printf3.o(i.__0sprintf$3)
    __1sprintf$3                             0x080015bd   Thumb Code     0  printf3.o(i.__0sprintf$3)
    __2sprintf                               0x080015bd   Thumb Code     0  printf3.o(i.__0sprintf$3)
    __scatterload_copy                       0x080015e5   Thumb Code    14  handlers.o(i.__scatterload_copy)
    __scatterload_null                       0x080015f3   Thumb Code     2  handlers.o(i.__scatterload_null)
    __scatterload_zeroinit                   0x080015f5   Thumb Code    14  handlers.o(i.__scatterload_zeroinit)
    Region$$Table$$Base                      0x08001844   Number         0  anon$$obj.o(Region$$Table)
    Region$$Table$$Limit                     0x08001864   Number         0  anon$$obj.o(Region$$Table)
    File_tapis_arrivee                       0x20000000   Data           4  main.o(.data)
    File_tapis_relecture                     0x20000004   Data           4  main.o(.data)
    File_depart_national                     0x20000008   Data           4  main.o(.data)
    File_depart_international                0x2000000c   Data           4  main.o(.data)
    handler                                  0x20000010   Data           4  main.o(.data)
    pxCurrentTCB                             0x20000014   Data           4  tasks.o(.data)
    __stdout                                 0x20000068   Data           4  stdout.o(.data)
    ulTaskNumber                             0x2000006c   Data          24  simulateur.o(.bss)
    __initial_sp                             0x20004370   Data           0  startup_mps_cm3.o(STACK)



==============================================================================

Memory Map of the image

  Image Entry point : 0x080000c1

  Load Region LR_IROM1 (Base: 0x08000000, Size: 0x000018d0, Max: 0x00100000, ABSOLUTE)

    Execution Region ER_IROM1 (Exec base: 0x08000000, Load base: 0x08000000, Size: 0x00001864, Max: 0x00100000, ABSOLUTE)

    Exec Addr    Load Addr    Size         Type   Attr      Idx    E Section Name        Object

    0x08000000   0x08000000   0x000000c0   Data   RO            3    RESET               startup_mps_cm3.o
    0x080000c0   0x080000c0   0x00000000   Code   RO          197  * .ARM.Collect$$$$00000000  mc_w.l(entry.o)
    0x080000c0   0x080000c0   0x00000004   Code   RO          471    .ARM.Collect$$$$00000001  mc_w.l(entry2.o)
    0x080000c4   0x080000c4   0x00000004   Code   RO          474    .ARM.Collect$$$$00000004  mc_w.l(entry5.o)
    0x080000c8   0x080000c8   0x00000000   Code   RO          476    .ARM.Collect$$$$00000008  mc_w.l(entry7b.o)
    0x080000c8   0x080000c8   0x00000000   Code   RO          478    .ARM.Collect$$$$0000000A  mc_w.l(entry8b.o)
    0x080000c8   0x080000c8   0x00000008   Code   RO          479    .ARM.Collect$$$$0000000B  mc_w.l(entry9a.o)
    0x080000d0   0x080000d0   0x00000004   Code   RO          486    .ARM.Collect$$$$0000000E  mc_w.l(entry12b.o)
    0x080000d4   0x080000d4   0x00000000   Code   RO          481    .ARM.Collect$$$$0000000F  mc_w.l(entry10a.o)
    0x080000d4   0x080000d4   0x00000000   Code   RO          483    .ARM.Collect$$$$00000011  mc_w.l(entry11a.o)
    0x080000d4   0x080000d4   0x00000004   Code   RO          472    .ARM.Collect$$$$00002712  mc_w.l(entry2.o)
    0x080000d8   0x080000d8   0x00000088   Code   RO          164    .emb_text           port.o
    0x08000160   0x08000160   0x0000001c   Code   RO            4    .text               startup_mps_cm3.o
    0x0800017c   0x0800017c   0x00000024   Code   RO           10    .text               simulateur.o
    0x080001a0   0x080001a0   0x000003d4   Code   RO           63    .text               main.o
    0x08000574   0x08000574   0x0000095c   Code   RO          100    .text               tasks.o
    0x08000ed0   0x08000ed0   0x00000094   Code   RO          128    .text               list.o
    0x08000f64   0x08000f64   0x00000452   Code   RO          146    .text               queue.o
    0x080013b6   0x080013b6   0x00000002   PAD
    0x080013b8   0x080013b8   0x000000b0   Code   RO          165    .text               port.o
    0x08001468   0x08001468   0x0000006c   Code   RO          182    .text               heap_1.o
    0x080014d4   0x080014d4   0x00000024   Code   RO          200    .text               mc_w.l(memcpya.o)
    0x080014f8   0x080014f8   0x00000024   Code   RO          202    .text               mc_w.l(memseta.o)
    0x0800151c   0x0800151c   0x00000018   Code   RO          204    .text               mc_w.l(strcat.o)
    0x08001534   0x08001534   0x00000018   Code   RO          206    .text               mc_w.l(strncpy.o)
    0x0800154c   0x0800154c   0x0000002c   Code   RO          488    .text               mc_w.l(uidiv.o)
    0x08001578   0x08001578   0x00000024   Code   RO          503    .text               mc_w.l(init.o)
    0x0800159c   0x0800159c   0x00000020   Code   RO          299    i.__0printf$3       mc_w.l(printf3.o)
    0x080015bc   0x080015bc   0x00000028   Code   RO          301    i.__0sprintf$3      mc_w.l(printf3.o)
    0x080015e4   0x080015e4   0x0000000e   Code   RO          515    i.__scatterload_copy  mc_w.l(handlers.o)
    0x080015f2   0x080015f2   0x00000002   Code   RO          516    i.__scatterload_null  mc_w.l(handlers.o)
    0x080015f4   0x080015f4   0x0000000e   Code   RO          517    i.__scatterload_zeroinit  mc_w.l(handlers.o)
    0x08001602   0x08001602   0x00000002   PAD
    0x08001604   0x08001604   0x000001b8   Code   RO          306    i._printf_core      mc_w.l(printf3.o)
    0x080017bc   0x080017bc   0x0000000a   Code   RO          308    i._sputc            mc_w.l(printf3.o)
    0x080017c6   0x080017c6   0x00000002   PAD
    0x080017c8   0x080017c8   0x00000030   Data   RO           64    .constdata          main.o
    0x080017f8   0x080017f8   0x0000004b   Data   RO           65    .conststring        main.o
    0x08001843   0x08001843   0x00000001   PAD
    0x08001844   0x08001844   0x00000020   Data   RO          513    Region$$Table       anon$$obj.o


    Execution Region RW_IRAM1 (Exec base: 0x20000000, Load base: 0x08001864, Size: 0x00004370, Max: 0x00020000, ABSOLUTE)

    Exec Addr    Load Addr    Size         Type   Attr      Idx    E Section Name        Object

    0x20000000   0x08001864   0x00000014   Data   RW           66    .data               main.o
    0x20000014   0x08001878   0x0000004c   Data   RW          102    .data               tasks.o
    0x20000060   0x080018c4   0x00000004   Data   RW          166    .data               port.o
    0x20000064   0x080018c8   0x00000004   Data   RW          184    .data               heap_1.o
    0x20000068   0x080018cc   0x00000004   Data   RW          487    .data               mc_w.l(stdout.o)
    0x2000006c        -       0x00000018   Zero   RW           11    .bss                simulateur.o
    0x20000084        -       0x000000e6   Zero   RW          101    .bss                tasks.o
    0x2000016a   0x080018d0   0x00000006   PAD
    0x20000170        -       0x00004000   Zero   RW          183    .bss                heap_1.o
    0x20004170        -       0x00000200   Zero   RW            1    STACK               startup_mps_cm3.o


==============================================================================

Image component sizes


      Code (inc. data)   RO Data    RW Data    ZI Data      Debug   Object Name

       108         10          0          4      16384       2112   heap_1.o
       148          0          0          0          0       3429   list.o
       980        286        123         20          0       4392   main.o
       312         20          0          4          0       2917   port.o
      1106          0          0          0          0       7185   queue.o
        36          6          0          0         24      11107   simulateur.o
        28          4        192          0        512        864   startup_mps_cm3.o
      2396        218          0         76        230      12219   tasks.o

    ----------------------------------------------------------------------
      5116        544        348        104      17156      44225   Object Totals
         0          0         32          0          0          0   (incl. Generated)
         2          0          1          0          6          0   (incl. Padding)

    ----------------------------------------------------------------------

      Code (inc. data)   RO Data    RW Data    ZI Data      Debug   Library Member Name

         0          0          0          0          0          0   entry.o
         0          0          0          0          0          0   entry10a.o
         0          0          0          0          0          0   entry11a.o
         4          0          0          0          0          0   entry12b.o
         8          4          0          0          0          0   entry2.o
         4          0          0          0          0          0   entry5.o
         0          0          0          0          0          0   entry7b.o
         0          0          0          0          0          0   entry8b.o
         8          4          0          0          0          0   entry9a.o
        30          0          0          0          0          0   handlers.o
        36          8          0          0          0         68   init.o
        36          0          0          0          0         68   memcpya.o
        36          0          0          0          0        108   memseta.o
       522         20          0          0          0        336   printf3.o
         0          0          0          4          0          0   stdout.o
        24          0          0          0          0         68   strcat.o
        24          0          0          0          0         76   strncpy.o
        44          0          0          0          0         80   uidiv.o

    ----------------------------------------------------------------------
       780         36          0          4          0        804   Library Totals
         4          0          0          0          0          0   (incl. Padding)

    ----------------------------------------------------------------------

      Code (inc. data)   RO Data    RW Data    ZI Data      Debug   Library Name

       776         36          0          4          0        804   mc_w.l

    ----------------------------------------------------------------------
       780         36          0          4          0        804   Library Totals

    ----------------------------------------------------------------------

==============================================================================


      Code (inc. data)   RO Data    RW Data    ZI Data      Debug   

      5896        580        348        108      17156      43469   Grand Totals
      5896        580        348        108      17156      43469   ELF Image Totals
      5896        580        348        108          0          0   ROM Totals

==============================================================================

    Total RO  Size (Code + RO Data)                 6244 (   6.10kB)
    Total RW  Size (RW Data + ZI Data)             17264 (  16.86kB)
    Total ROM Size (Code + RO Data + RW Data)       6352 (   6.20kB)

==============================================================================

